[debug] [2026-04-21T03:29:18.408Z] ----------------------------------------------------------------------
[debug] [2026-04-21T03:29:18.411Z] Command:       C:\Program Files\nodejs\node.exe C:\Users\moham\OneDrive\Desktop\spend-management-platform\node_modules\firebase-tools\lib\bin\firebase.js deploy --only hosting
[debug] [2026-04-21T03:29:18.411Z] CLI Version:   15.8.0
[debug] [2026-04-21T03:29:18.411Z] Platform:      win32
[debug] [2026-04-21T03:29:18.411Z] Node Version:  v24.13.0
[debug] [2026-04-21T03:29:18.411Z] Time:          Tue Apr 21 2026 03:29:18 GMT+0000 (Greenwich Mean Time)
[debug] [2026-04-21T03:29:18.411Z] ----------------------------------------------------------------------
[debug] 
[debug] [2026-04-21T03:29:21.904Z] > command requires scopes: ["email","openid","https://www.googleapis.com/auth/cloudplatformprojects.readonly","https://www.googleapis.com/auth/firebase","https://www.googleapis.com/auth/cloud-platform"]
[debug] [2026-04-21T03:29:21.905Z] > authorizing via signed-in user (mohammedsaani445@gmail.com)
[debug] [2026-04-21T03:29:21.905Z] [iam] checking project spend-management-platform for permissions ["firebase.projects.get","firebasehosting.sites.update"]
[debug] [2026-04-21T03:29:21.906Z] Checked if tokens are valid: true, expires at: 1776743863740
[debug] [2026-04-21T03:29:21.906Z] Checked if tokens are valid: true, expires at: 1776743863740
[debug] [2026-04-21T03:29:21.907Z] >>> [apiv2][query] POST https://cloudresourcemanager.googleapis.com/v1/projects/spend-management-platform:testIamPermissions [none]
[debug] [2026-04-21T03:29:21.908Z] >>> [apiv2][(partial)header] POST https://cloudresourcemanager.googleapis.com/v1/projects/spend-management-platform:testIamPermissions  x-goog-user-project=spend-management-platform
[debug] [2026-04-21T03:29:21.908Z] >>> [apiv2][body] POST https://cloudresourcemanager.googleapis.com/v1/projects/spend-management-platform:testIamPermissions {"permissions":["firebase.projects.get","firebasehosting.sites.update"]}
[debug] [2026-04-21T03:29:24.592Z] <<< [apiv2][status] POST https://cloudresourcemanager.googleapis.com/v1/projects/spend-management-platform:testIamPermissions 200
[debug] [2026-04-21T03:29:24.593Z] <<< [apiv2][body] POST https://cloudresourcemanager.googleapis.com/v1/projects/spend-management-platform:testIamPermissions {"permissions":["firebase.projects.get","firebasehosting.sites.update"]}
[debug] [2026-04-21T03:29:24.594Z] Checked if tokens are valid: true, expires at: 1776743863740
[debug] [2026-04-21T03:29:24.594Z] Checked if tokens are valid: true, expires at: 1776743863740
[debug] [2026-04-21T03:29:24.595Z] >>> [apiv2][query] GET https://firebase.googleapis.com/v1beta1/projects/spend-management-platform [none]
[debug] [2026-04-21T03:29:26.092Z] <<< [apiv2][status] GET https://firebase.googleapis.com/v1beta1/projects/spend-management-platform 200
[debug] [2026-04-21T03:29:26.093Z] <<< [apiv2][body] GET https://firebase.googleapis.com/v1beta1/projects/spend-management-platform {"projectId":"spend-management-platform","projectNumber":"357613361639","displayName":"spend-management-platform","name":"projects/spend-management-platform","resources":{"hostingSite":"spend-management-platform","realtimeDatabaseInstance":"spend-management-platform-default-rtdb"},"state":"ACTIVE","etag":"1_2696cf9f-61f2-4ece-b538-ec1c503e6459"}
[debug] [2026-04-21T03:29:29.758Z] defaultcredentials: writing to file C:\Users\moham\AppData\Roaming\firebase\mohammedsaani445_gmail_com_application_default_credentials.json
[debug] [2026-04-21T03:29:29.765Z] Checked if tokens are valid: true, expires at: 1776743863740
[debug] [2026-04-21T03:29:29.765Z] Checked if tokens are valid: true, expires at: 1776743863740
[debug] [2026-04-21T03:29:29.766Z] >>> [apiv2][query] GET https://firebasehosting.googleapis.com/v1beta1/projects/spend-management-platform/sites pageToken=&pageSize=10
[debug] [2026-04-21T03:29:32.107Z] <<< [apiv2][status] GET https://firebasehosting.googleapis.com/v1beta1/projects/spend-management-platform/sites 200
[debug] [2026-04-21T03:29:32.108Z] <<< [apiv2][body] GET https://firebasehosting.googleapis.com/v1beta1/projects/spend-management-platform/sites {"sites":[{"name":"projects/spend-management-platform/sites/spend-management-platform","defaultUrl":"https://spend-management-platform.web.app","type":"DEFAULT_SITE"}]}
[debug] [2026-04-21T03:29:32.110Z] Checked if tokens are valid: true, expires at: 1776743863740
[debug] [2026-04-21T03:29:32.110Z] Checked if tokens are valid: true, expires at: 1776743863740
[debug] [2026-04-21T03:29:32.111Z] >>> [apiv2][query] GET https://firebasehosting.googleapis.com/v1beta1/projects/spend-management-platform/sites 
[debug] [2026-04-21T03:29:33.358Z] <<< [apiv2][status] GET https://firebasehosting.googleapis.com/v1beta1/projects/spend-management-platform/sites 200
[debug] [2026-04-21T03:29:33.359Z] <<< [apiv2][body] GET https://firebasehosting.googleapis.com/v1beta1/projects/spend-management-platform/sites {"sites":[{"name":"projects/spend-management-platform/sites/spend-management-platform","defaultUrl":"https://spend-management-platform.web.app","type":"DEFAULT_SITE"}]}
[debug] [2026-04-21T03:29:33.359Z] Checked if tokens are valid: true, expires at: 1776743863740
[debug] [2026-04-21T03:29:33.360Z] Checked if tokens are valid: true, expires at: 1776743863740
[debug] [2026-04-21T03:29:33.360Z] >>> [apiv2][query] GET https://firebase.googleapis.com/v1beta1/projects/spend-management-platform/webApps/-/config [none]
[debug] [2026-04-21T03:29:34.564Z] <<< [apiv2][status] GET https://firebase.googleapis.com/v1beta1/projects/spend-management-platform/webApps/-/config 200
[debug] [2026-04-21T03:29:34.565Z] <<< [apiv2][body] GET https://firebase.googleapis.com/v1beta1/projects/spend-management-platform/webApps/-/config {"projectId":"spend-management-platform","appId":"1:357613361639:web:4d6c518be69a8969120542","databaseURL":"https://spend-management-platform-default-rtdb.firebaseio.com","storageBucket":"spend-management-platform.firebasestorage.app","apiKey":"AIzaSyBTj9jFKQlLuJD7U_Pu8BKXC_iVni7dzPY","authDomain":"spend-management-platform.firebaseapp.com","messagingSenderId":"357613361639","measurementId":"G-0TBPB171J8","projectNumber":"357613361639","version":"2"}
[info] 
   Thank you for trying our early preview of Next.js support on Firebase Hosting.
   During the preview, support is best-effort and breaking changes can be expected. Proceed with caution.
   The integration is known to work with Next.js version 12 - 15.0. You may encounter errors.

   Documentation: https://firebase.google.com/docs/hosting/frameworks/nextjs
   File a bug: https://github.com/firebase/firebase-tools/issues/new?template=bug_report.md
   Submit a feature request: https://github.com/firebase/firebase-tools/issues/new?template=feature_request.md

   We'd love to learn from you. Express your interest in helping us shape the future of Firebase Hosting: https://goo.gle/41enW5X

[debug] [2026-04-21T03:29:43.685Z] Checked if tokens are valid: true, expires at: 1776743863740
[debug] [2026-04-21T03:29:43.686Z] Checked if tokens are valid: true, expires at: 1776743863740
[debug] [2026-04-21T03:29:43.686Z] >>> [apiv2][query] GET https://firebasehosting.googleapis.com/v1beta1/projects/spend-management-platform/sites/spend-management-platform [none]
[debug] [2026-04-21T03:29:45.163Z] <<< [apiv2][status] GET https://firebasehosting.googleapis.com/v1beta1/projects/spend-management-platform/sites/spend-management-platform 200
[debug] [2026-04-21T03:29:45.164Z] <<< [apiv2][body] GET https://firebasehosting.googleapis.com/v1beta1/projects/spend-management-platform/sites/spend-management-platform {"name":"projects/spend-management-platform/sites/spend-management-platform","defaultUrl":"https://spend-management-platform.web.app","type":"DEFAULT_SITE"}
[info] ▲ Next.js 16.1.6 (Turbopack)

[info] - Environments: .env.local


[info]   Creating an optimized production build ...

[info] ✓ Compiled successfully in 37.6s

[info]   Running TypeScript ...

[info]   Collecting page data using 7 workers ...

[info]   Generating static pages using 7 workers (0/74) ...

[info]   Generating static pages using 7 workers (18/74) 

[info]   Generating static pages using 7 workers (36/74) 

[info]   Generating static pages using 7 workers (55/74) 

[info] ✓ Generating static pages using 7 workers (74/74) in 2.6s

[info]   Finalizing page optimization ...

[info] 

[info] Route (app)
┌ ○ /
├ ○ /_not-found
├ ○ /activate
├ ƒ /api/admin/reset
├ ƒ /api/analyst
├ ƒ /api/communications/send-email
├ ƒ /api/cron/workflow-sla
├ ƒ /api/debug/firebase
├ ƒ /api/diag/firebase
├ ƒ /api/diag/storage
├ ƒ /api/erp/sync
├ ƒ /api/invitations
├ ƒ /api/invoices/ocr
├ ƒ /api/ocr
├ ƒ /api/storage-test
├ ƒ /api/upload
├ ƒ /api/v1/health
├ ƒ /api/v1/invites
├ ƒ /api/v1/invites/[id]
├ ƒ /api/v1/invites/complete
├ ƒ /api/v1/invites/consume
├ ƒ /api/v1/invites/validate
├ ƒ /api/v1/po
├ ƒ /api/v1/requisitions
├ ƒ /api/v1/users/[id]
├ ƒ /api/v1/users/[id]/status
├ ƒ /api/workflow/cancel
├ ƒ /api/workflow/decide
├ ƒ /api/workflow/notifications
├ ƒ /api/workflow/pending
├ ƒ /api/workflow/policies
├ ƒ /api/workflow/policies/[id]
├ ƒ /api/workflow/simulate
├ ƒ /api/workflow/status/[requestId]
├ ƒ /api/workflow/submit
├ ○ /dashboard
├ ○ /dashboard/analytics
├ ○ /dashboard/approvals
├ ○ /dashboard/assets
├ ○ /dashboard/budgets
├ ○ /dashboard/compliance
├ ○ /dashboard/contracts
├ ○ /dashboard/integrations
├ ○ /dashboard/inventory
├ ○ /dashboard/invoices
├ ○ /dashboard/notifications
├ ○ /dashboard/payments
├ ○ /dashboard/purchase-orders
├ ○ /dashboard/receiving
├ ○ /dashboard/reports
├ ○ /dashboard/requisitions
├ ○ /dashboard/requisitions/new
├ ○ /dashboard/settings
├ ○ /dashboard/settings/approvals
├ ○ /dashboard/sourcing
├ ƒ /dashboard/sourcing/[id]
├ ○ /dashboard/support
├ ○ /dashboard/users
├ ○ /dashboard/vendors
├ ƒ /features/[slug]
├ ○ /features/ap-automation
├ ○ /features/ap-automation/invoice-processing
├ ○ /features/ap-automation/payments
├ ○ /features/approvals
├ ○ /features/expense-management
├ ○ /features/expense-management/cards
├ ○ /features/expense-management/reimbursements
├ ○ /features/procurement
├ ○ /features/procurement/budget-management
├ ○ /features/procurement/contract-management
├ ○ /features/procurement/purchase-orders
├ ○ /features/procurement/receiving-inventory
├ ○ /features/procurement/spend-insights
├ ○ /features/procurement/vendor-management
├ ○ /features/purchase-requests
├ ○ /icon.svg
├ ○ /join
├ ƒ /join/[token]
├ ○ /login
├ ƒ /portal/[token]
├ ƒ /public/po/[id]
├ ƒ /public/rfp/[id]
├ ƒ /public/rfq/[id]
├ ○ /signup
├ ○ /tour
└ ○ /variant-b


[info] 
○  (Static)   prerendered as static content
ƒ  (Dynamic)  server-rendered on demand


[info] Building a Cloud Function to run this application. This is needed due to:
[info]  • non-static component /api/admin/reset/route
[info]  • non-static component /api/analyst/route
[info]  • non-static component /api/communications/send-email/route
[info]  • non-static component /api/cron/workflow-sla/route
[info]  • non-static component /api/debug/firebase/route
[debug] [2026-04-21T03:31:03.262Z]  • non-static component /api/diag/firebase/route
[debug] [2026-04-21T03:31:03.262Z]  • non-static component /api/diag/storage/route
[debug] [2026-04-21T03:31:03.262Z]  • non-static component /api/erp/sync/route
[debug] [2026-04-21T03:31:03.262Z]  • non-static component /api/invitations/route
[debug] [2026-04-21T03:31:03.263Z]  • non-static component /api/invoices/ocr/route
[debug] [2026-04-21T03:31:03.263Z]  • non-static component /api/ocr/route
[debug] [2026-04-21T03:31:03.263Z]  • non-static component /api/storage-test/route
[debug] [2026-04-21T03:31:03.263Z]  • non-static component /api/upload/route
[debug] [2026-04-21T03:31:03.263Z]  • non-static component /api/v1/health/route
[debug] [2026-04-21T03:31:03.263Z]  • non-static component /api/v1/invites/[id]/route
[debug] [2026-04-21T03:31:03.263Z]  • non-static component /api/v1/invites/complete/route
[debug] [2026-04-21T03:31:03.263Z]  • non-static component /api/v1/invites/consume/route
[debug] [2026-04-21T03:31:03.263Z]  • non-static component /api/v1/invites/route
[debug] [2026-04-21T03:31:03.264Z]  • non-static component /api/v1/invites/validate/route
[debug] [2026-04-21T03:31:03.264Z]  • non-static component /api/v1/po/route
[debug] [2026-04-21T03:31:03.264Z]  • non-static component /api/v1/requisitions/route
[debug] [2026-04-21T03:31:03.264Z]  • non-static component /api/v1/users/[id]/route
[debug] [2026-04-21T03:31:03.264Z]  • non-static component /api/v1/users/[id]/status/route
[debug] [2026-04-21T03:31:03.264Z]  • non-static component /api/workflow/cancel/route
[debug] [2026-04-21T03:31:03.265Z]  • non-static component /api/workflow/decide/route
[debug] [2026-04-21T03:31:03.265Z]  • non-static component /api/workflow/notifications/route
[debug] [2026-04-21T03:31:03.265Z]  • non-static component /api/workflow/pending/route
[debug] [2026-04-21T03:31:03.274Z]  • non-static component /api/workflow/policies/[id]/route
[debug] [2026-04-21T03:31:03.274Z]  • non-static component /api/workflow/policies/route
[debug] [2026-04-21T03:31:03.274Z]  • non-static component /api/workflow/simulate/route
[debug] [2026-04-21T03:31:03.274Z]  • non-static component /api/workflow/status/[requestId]/route
[debug] [2026-04-21T03:31:03.274Z]  • non-static component /api/workflow/submit/route
[debug] [2026-04-21T03:31:03.274Z]  • non-static component /dashboard/sourcing/[id]/page
[debug] [2026-04-21T03:31:03.274Z]  • non-static component /features/[slug]/page
[debug] [2026-04-21T03:31:03.274Z]  • non-static component /join/[token]/page
[debug] [2026-04-21T03:31:03.274Z]  • non-static component /portal/[token]/page
[debug] [2026-04-21T03:31:03.274Z]  • non-static component /public/po/[id]/page
[debug] [2026-04-21T03:31:03.274Z]  • non-static component /public/rfp/[id]/page
[debug] [2026-04-21T03:31:03.274Z]  • non-static component /public/rfq/[id]/page
[debug] [2026-04-21T03:31:03.274Z]  • route with server action /dashboard/settings
[info]  • and 35 other reasons, use --debug to see more
[info] 
[debug] [2026-04-21T03:31:04.394Z] skipping /dashboard/settings due to server action
[debug] [2026-04-21T03:31:07.639Z] Checked if tokens are valid: true, expires at: 1776743863740
[debug] [2026-04-21T03:31:07.639Z] Checked if tokens are valid: true, expires at: 1776743863740
[debug] [2026-04-21T03:31:07.640Z] >>> [apiv2][query] GET https://firebasehosting.googleapis.com/v1beta1/projects/spend-management-platform/sites/spend-management-platform [none]
[debug] [2026-04-21T03:31:09.291Z] <<< [apiv2][status] GET https://firebasehosting.googleapis.com/v1beta1/projects/spend-management-platform/sites/spend-management-platform 200
[debug] [2026-04-21T03:31:09.291Z] <<< [apiv2][body] GET https://firebasehosting.googleapis.com/v1beta1/projects/spend-management-platform/sites/spend-management-platform {"name":"projects/spend-management-platform/sites/spend-management-platform","defaultUrl":"https://spend-management-platform.web.app","type":"DEFAULT_SITE"}
[debug] [2026-04-21T03:32:10.923Z] [web frameworks] effective firebase.json:  {
  "hosting": [
    {
      "source": ".",
      "ignore": [
        "firebase.json",
        "**/.*",
        "**/node_modules/**"
      ],
      "frameworksBackend": {
        "region": "us-central1"
      },
      "site": "spend-management-platform",
      "rewrites": [
        {
          "source": "/**",
          "function": {
            "functionId": "ssrspendmanagementplatf",
            "region": "us-central1",
            "pinTag": true
          }
        }
      ],
      "redirects": [],
      "headers": [
        {
          "source": "/_not-found",
          "headers": [
            {
              "key": "x-nextjs-stale-time",
              "value": "300"
            },
            {
              "key": "x-nextjs-prerender",
              "value": "1"
            },
            {
              "key": "x-next-cache-tags",
              "value": "_N_T_/layout,_N_T_/_not-found/layout,_N_T_/_not-found/page,_N_T_/_not-found"
            }
          ]
        },
        {
          "source": "/_global-error",
          "headers": [
            {
              "key": "x-nextjs-stale-time",
              "value": "300"
            },
            {
              "key": "x-nextjs-prerender",
              "value": "1"
            },
            {
              "key": "x-next-cache-tags",
              "value": "_N_T_/layout,_N_T_/_global-error/layout,_N_T_/_global-error/page,_N_T_/_global-error"
            }
          ]
        },
        {
          "source": "/dashboard/analytics",
          "headers": [
            {
              "key": "x-nextjs-stale-time",
              "value": "300"
            },
            {
              "key": "x-nextjs-prerender",
              "value": "1"
            },
            {
              "key": "x-next-cache-tags",
              "value": "_N_T_/layout,_N_T_/dashboard/layout,_N_T_/dashboard/analytics/layout,_N_T_/dashboard/analytics/page,_N_T_/dashboard/analytics"
            }
          ]
        },
        {
          "source": "/dashboard/assets",
          "headers": [
            {
              "key": "x-nextjs-stale-time",
              "value": "300"
            },
            {
              "key": "x-nextjs-prerender",
              "value": "1"
            },
            {
              "key": "x-next-cache-tags",
              "value": "_N_T_/layout,_N_T_/dashboard/layout,_N_T_/dashboard/assets/layout,_N_T_/dashboard/assets/page,_N_T_/dashboard/assets"
            }
          ]
        },
        {
          "source": "/dashboard/approvals",
          "headers": [
            {
              "key": "x-nextjs-stale-time",
              "value": "300"
            },
            {
              "key": "x-nextjs-prerender",
              "value": "1"
            },
            {
              "key": "x-next-cache-tags",
              "value": "_N_T_/layout,_N_T_/dashboard/layout,_N_T_/dashboard/approvals/layout,_N_T_/dashboard/approvals/page,_N_T_/dashboard/approvals"
            }
          ]
        },
        {
          "source": "/activate",
          "headers": [
            {
              "key": "x-nextjs-stale-time",
              "value": "300"
            },
            {
              "key": "x-nextjs-prerender",
              "value": "1"
            },
            {
              "key": "x-next-cache-tags",
              "value": "_N_T_/layout,_N_T_/activate/layout,_N_T_/activate/page,_N_T_/activate"
            }
          ]
        },
        {
          "source": "/dashboard/budgets",
          "headers": [
            {
              "key": "x-nextjs-stale-time",
              "value": "300"
            },
            {
              "key": "x-nextjs-prerender",
              "value": "1"
            },
            {
              "key": "x-next-cache-tags",
              "value": "_N_T_/layout,_N_T_/dashboard/layout,_N_T_/dashboard/budgets/layout,_N_T_/dashboard/budgets/page,_N_T_/dashboard/budgets"
            }
          ]
        },
        {
          "source": "/dashboard/integrations",
          "headers": [
            {
              "key": "x-nextjs-stale-time",
              "value": "300"
            },
            {
              "key": "x-nextjs-prerender",
              "value": "1"
            },
            {
              "key": "x-next-cache-tags",
              "value": "_N_T_/layout,_N_T_/dashboard/layout,_N_T_/dashboard/integrations/layout,_N_T_/dashboard/integrations/page,_N_T_/dashboard/integrations"
            }
          ]
        },
        {
          "source": "/dashboard/compliance",
          "headers": [
            {
              "key": "x-nextjs-stale-time",
              "value": "300"
            },
            {
              "key": "x-nextjs-prerender",
              "value": "1"
            },
            {
              "key": "x-next-cache-tags",
              "value": "_N_T_/layout,_N_T_/dashboard/layout,_N_T_/dashboard/compliance/layout,_N_T_/dashboard/compliance/page,_N_T_/dashboard/compliance"
            }
          ]
        },
        {
          "source": "/dashboard/contracts",
          "headers": [
            {
              "key": "x-nextjs-stale-time",
              "value": "300"
            },
            {
              "key": "x-nextjs-prerender",
              "value": "1"
            },
            {
              "key": "x-next-cache-tags",
              "value": "_N_T_/layout,_N_T_/dashboard/layout,_N_T_/dashboard/contracts/layout,_N_T_/dashboard/contracts/page,_N_T_/dashboard/contracts"
            }
          ]
        },
        {
          "source": "/dashboard/inventory",
          "headers": [
            {
              "key": "x-nextjs-stale-time",
              "value": "300"
            },
            {
              "key": "x-nextjs-prerender",
              "value": "1"
            },
            {
              "key": "x-next-cache-tags",
              "value": "_N_T_/layout,_N_T_/dashboard/layout,_N_T_/dashboard/inventory/layout,_N_T_/dashboard/inventory/page,_N_T_/dashboard/inventory"
            }
          ]
        },
        {
          "source": "/dashboard/invoices",
          "headers": [
            {
              "key": "x-nextjs-stale-time",
              "value": "300"
            },
            {
              "key": "x-nextjs-prerender",
              "value": "1"
            },
            {
              "key": "x-next-cache-tags",
              "value": "_N_T_/layout,_N_T_/dashboard/layout,_N_T_/dashboard/invoices/layout,_N_T_/dashboard/invoices/page,_N_T_/dashboard/invoices"
            }
          ]
        },
        {
          "source": "/dashboard/notifications",
          "headers": [
            {
              "key": "x-nextjs-stale-time",
              "value": "300"
            },
            {
              "key": "x-nextjs-prerender",
              "value": "1"
            },
            {
              "key": "x-next-cache-tags",
              "value": "_N_T_/layout,_N_T_/dashboard/layout,_N_T_/dashboard/notifications/layout,_N_T_/dashboard/notifications/page,_N_T_/dashboard/notifications"
            }
          ]
        },
        {
          "source": "/dashboard",
          "headers": [
            {
              "key": "x-nextjs-stale-time",
              "value": "300"
            },
            {
              "key": "x-nextjs-prerender",
              "value": "1"
            },
            {
              "key": "x-next-cache-tags",
              "value": "_N_T_/layout,_N_T_/dashboard/layout,_N_T_/dashboard/page,_N_T_/dashboard"
            }
          ]
        },
        {
          "source": "/dashboard/payments",
          "headers": [
            {
              "key": "x-nextjs-stale-time",
              "value": "300"
            },
            {
              "key": "x-nextjs-prerender",
              "value": "1"
            },
            {
              "key": "x-next-cache-tags",
              "value": "_N_T_/layout,_N_T_/dashboard/layout,_N_T_/dashboard/payments/layout,_N_T_/dashboard/payments/page,_N_T_/dashboard/payments"
            }
          ]
        },
        {
          "source": "/dashboard/receiving",
          "headers": [
            {
              "key": "x-nextjs-stale-time",
              "value": "300"
            },
            {
              "key": "x-nextjs-prerender",
              "value": "1"
            },
            {
              "key": "x-next-cache-tags",
              "value": "_N_T_/layout,_N_T_/dashboard/layout,_N_T_/dashboard/receiving/layout,_N_T_/dashboard/receiving/page,_N_T_/dashboard/receiving"
            }
          ]
        },
        {
          "source": "/dashboard/reports",
          "headers": [
            {
              "key": "x-nextjs-stale-time",
              "value": "300"
            },
            {
              "key": "x-nextjs-prerender",
              "value": "1"
            },
            {
              "key": "x-next-cache-tags",
              "value": "_N_T_/layout,_N_T_/dashboard/layout,_N_T_/dashboard/reports/layout,_N_T_/dashboard/reports/page,_N_T_/dashboard/reports"
            }
          ]
        },
        {
          "source": "/dashboard/requisitions/new",
          "headers": [
            {
              "key": "x-nextjs-stale-time",
              "value": "300"
            },
            {
              "key": "x-nextjs-prerender",
              "value": "1"
            },
            {
              "key": "x-next-cache-tags",
              "value": "_N_T_/layout,_N_T_/dashboard/layout,_N_T_/dashboard/requisitions/layout,_N_T_/dashboard/requisitions/new/layout,_N_T_/dashboard/requisitions/new/page,_N_T_/dashboard/requisitions/new"
            }
          ]
        },
        {
          "source": "/dashboard/purchase-orders",
          "headers": [
            {
              "key": "x-nextjs-stale-time",
              "value": "300"
            },
            {
              "key": "x-nextjs-prerender",
              "value": "1"
            },
            {
              "key": "x-next-cache-tags",
              "value": "_N_T_/layout,_N_T_/dashboard/layout,_N_T_/dashboard/purchase-orders/layout,_N_T_/dashboard/purchase-orders/page,_N_T_/dashboard/purchase-orders"
            }
          ]
        },
        {
          "source": "/dashboard/settings/approvals",
          "headers": [
            {
              "key": "x-nextjs-stale-time",
              "value": "300"
            },
            {
              "key": "x-nextjs-prerender",
              "value": "1"
            },
            {
              "key": "x-next-cache-tags",
              "value": "_N_T_/layout,_N_T_/dashboard/layout,_N_T_/dashboard/settings/layout,_N_T_/dashboard/settings/approvals/layout,_N_T_/dashboard/settings/approvals/page,_N_T_/dashboard/settings/approvals"
            }
          ]
        },
        {
          "source": "/dashboard/requisitions",
          "headers": [
            {
              "key": "x-nextjs-stale-time",
              "value": "300"
            },
            {
              "key": "x-nextjs-prerender",
              "value": "1"
            },
            {
              "key": "x-next-cache-tags",
              "value": "_N_T_/layout,_N_T_/dashboard/layout,_N_T_/dashboard/requisitions/layout,_N_T_/dashboard/requisitions/page,_N_T_/dashboard/requisitions"
            }
          ]
        },
        {
          "source": "/dashboard/support",
          "headers": [
            {
              "key": "x-nextjs-stale-time",
              "value": "300"
            },
            {
              "key": "x-nextjs-prerender",
              "value": "1"
            },
            {
              "key": "x-next-cache-tags",
              "value": "_N_T_/layout,_N_T_/dashboard/layout,_N_T_/dashboard/support/layout,_N_T_/dashboard/support/page,_N_T_/dashboard/support"
            }
          ]
        },
        {
          "source": "/dashboard/settings",
          "headers": [
            {
              "key": "x-nextjs-stale-time",
              "value": "300"
            },
            {
              "key": "x-nextjs-prerender",
              "value": "1"
            },
            {
              "key": "x-next-cache-tags",
              "value": "_N_T_/layout,_N_T_/dashboard/layout,_N_T_/dashboard/settings/layout,_N_T_/dashboard/settings/page,_N_T_/dashboard/settings"
            }
          ]
        },
        {
          "source": "/dashboard/vendors",
          "headers": [
            {
              "key": "x-nextjs-stale-time",
              "value": "300"
            },
            {
              "key": "x-nextjs-prerender",
              "value": "1"
            },
            {
              "key": "x-next-cache-tags",
              "value": "_N_T_/layout,_N_T_/dashboard/layout,_N_T_/dashboard/vendors/layout,_N_T_/dashboard/vendors/page,_N_T_/dashboard/vendors"
            }
          ]
        },
        {
          "source": "/dashboard/sourcing",
          "headers": [
            {
              "key": "x-nextjs-stale-time",
              "value": "300"
            },
            {
              "key": "x-nextjs-prerender",
              "value": "1"
            },
            {
              "key": "x-next-cache-tags",
              "value": "_N_T_/layout,_N_T_/dashboard/layout,_N_T_/dashboard/sourcing/layout,_N_T_/dashboard/sourcing/page,_N_T_/dashboard/sourcing"
            }
          ]
        },
        {
          "source": "/dashboard/users",
          "headers": [
            {
              "key": "x-nextjs-stale-time",
              "value": "300"
            },
            {
              "key": "x-nextjs-prerender",
              "value": "1"
            },
            {
              "key": "x-next-cache-tags",
              "value": "_N_T_/layout,_N_T_/dashboard/layout,_N_T_/dashboard/users/layout,_N_T_/dashboard/users/page,_N_T_/dashboard/users"
            }
          ]
        },
        {
          "source": "/features/ap-automation/invoice-processing",
          "headers": [
            {
              "key": "x-nextjs-stale-time",
              "value": "300"
            },
            {
              "key": "x-nextjs-prerender",
              "value": "1"
            },
            {
              "key": "x-next-cache-tags",
              "value": "_N_T_/layout,_N_T_/features/layout,_N_T_/features/ap-automation/layout,_N_T_/features/ap-automation/invoice-processing/layout,_N_T_/features/ap-automation/invoice-processing/page,_N_T_/features/ap-automation/invoice-processing"
            }
          ]
        },
        {
          "source": "/features/ap-automation/payments",
          "headers": [
            {
              "key": "x-nextjs-stale-time",
              "value": "300"
            },
            {
              "key": "x-nextjs-prerender",
              "value": "1"
            },
            {
              "key": "x-next-cache-tags",
              "value": "_N_T_/layout,_N_T_/features/layout,_N_T_/features/ap-automation/layout,_N_T_/features/ap-automation/payments/layout,_N_T_/features/ap-automation/payments/page,_N_T_/features/ap-automation/payments"
            }
          ]
        },
        {
          "source": "/features/approvals",
          "headers": [
            {
              "key": "x-nextjs-stale-time",
              "value": "300"
            },
            {
              "key": "x-nextjs-prerender",
              "value": "1"
            },
            {
              "key": "x-next-cache-tags",
              "value": "_N_T_/layout,_N_T_/features/layout,_N_T_/features/approvals/layout,_N_T_/features/approvals/page,_N_T_/features/approvals"
            }
          ]
        },
        {
          "source": "/features/ap-automation",
          "headers": [
            {
              "key": "x-nextjs-stale-time",
              "value": "300"
            },
            {
              "key": "x-nextjs-prerender",
              "value": "1"
            },
            {
              "key": "x-next-cache-tags",
              "value": "_N_T_/layout,_N_T_/features/layout,_N_T_/features/ap-automation/layout,_N_T_/features/ap-automation/page,_N_T_/features/ap-automation"
            }
          ]
        },
        {
          "source": "/features/expense-management/cards",
          "headers": [
            {
              "key": "x-nextjs-stale-time",
              "value": "300"
            },
            {
              "key": "x-nextjs-prerender",
              "value": "1"
            },
            {
              "key": "x-next-cache-tags",
              "value": "_N_T_/layout,_N_T_/features/layout,_N_T_/features/expense-management/layout,_N_T_/features/expense-management/cards/layout,_N_T_/features/expense-management/cards/page,_N_T_/features/expense-management/cards"
            }
          ]
        },
        {
          "source": "/features/expense-management",
          "headers": [
            {
              "key": "x-nextjs-stale-time",
              "value": "300"
            },
            {
              "key": "x-nextjs-prerender",
              "value": "1"
            },
            {
              "key": "x-next-cache-tags",
              "value": "_N_T_/layout,_N_T_/features/layout,_N_T_/features/expense-management/layout,_N_T_/features/expense-management/page,_N_T_/features/expense-management"
            }
          ]
        },
        {
          "source": "/features/expense-management/reimbursements",
          "headers": [
            {
              "key": "x-nextjs-stale-time",
              "value": "300"
            },
            {
              "key": "x-nextjs-prerender",
              "value": "1"
            },
            {
              "key": "x-next-cache-tags",
              "value": "_N_T_/layout,_N_T_/features/layout,_N_T_/features/expense-management/layout,_N_T_/features/expense-management/reimbursements/layout,_N_T_/features/expense-management/reimbursements/page,_N_T_/features/expense-management/reimbursements"
            }
          ]
        },
        {
          "source": "/features/procurement/contract-management",
          "headers": [
            {
              "key": "x-nextjs-stale-time",
              "value": "300"
            },
            {
              "key": "x-nextjs-prerender",
              "value": "1"
            },
            {
              "key": "x-next-cache-tags",
              "value": "_N_T_/layout,_N_T_/features/layout,_N_T_/features/procurement/layout,_N_T_/features/procurement/contract-management/layout,_N_T_/features/procurement/contract-management/page,_N_T_/features/procurement/contract-management"
            }
          ]
        },
        {
          "source": "/features/procurement/budget-management",
          "headers": [
            {
              "key": "x-nextjs-stale-time",
              "value": "300"
            },
            {
              "key": "x-nextjs-prerender",
              "value": "1"
            },
            {
              "key": "x-next-cache-tags",
              "value": "_N_T_/layout,_N_T_/features/layout,_N_T_/features/procurement/layout,_N_T_/features/procurement/budget-management/layout,_N_T_/features/procurement/budget-management/page,_N_T_/features/procurement/budget-management"
            }
          ]
        },
        {
          "source": "/features/procurement",
          "headers": [
            {
              "key": "x-nextjs-stale-time",
              "value": "300"
            },
            {
              "key": "x-nextjs-prerender",
              "value": "1"
            },
            {
              "key": "x-next-cache-tags",
              "value": "_N_T_/layout,_N_T_/features/layout,_N_T_/features/procurement/layout,_N_T_/features/procurement/page,_N_T_/features/procurement"
            }
          ]
        },
        {
          "source": "/features/procurement/purchase-orders",
          "headers": [
            {
              "key": "x-nextjs-stale-time",
              "value": "300"
            },
            {
              "key": "x-nextjs-prerender",
              "value": "1"
            },
            {
              "key": "x-next-cache-tags",
              "value": "_N_T_/layout,_N_T_/features/layout,_N_T_/features/procurement/layout,_N_T_/features/procurement/purchase-orders/layout,_N_T_/features/procurement/purchase-orders/page,_N_T_/features/procurement/purchase-orders"
            }
          ]
        },
        {
          "source": "/features/procurement/receiving-inventory",
          "headers": [
            {
              "key": "x-nextjs-stale-time",
              "value": "300"
            },
            {
              "key": "x-nextjs-prerender",
              "value": "1"
            },
            {
              "key": "x-next-cache-tags",
              "value": "_N_T_/layout,_N_T_/features/layout,_N_T_/features/procurement/layout,_N_T_/features/procurement/receiving-inventory/layout,_N_T_/features/procurement/receiving-inventory/page,_N_T_/features/procurement/receiving-inventory"
            }
          ]
        },
        {
          "source": "/features/procurement/spend-insights",
          "headers": [
            {
              "key": "x-nextjs-stale-time",
              "value": "300"
            },
            {
              "key": "x-nextjs-prerender",
              "value": "1"
            },
            {
              "key": "x-next-cache-tags",
              "value": "_N_T_/layout,_N_T_/features/layout,_N_T_/features/procurement/layout,_N_T_/features/procurement/spend-insights/layout,_N_T_/features/procurement/spend-insights/page,_N_T_/features/procurement/spend-insights"
            }
          ]
        },
        {
          "source": "/features/procurement/vendor-management",
          "headers": [
            {
              "key": "x-nextjs-stale-time",
              "value": "300"
            },
            {
              "key": "x-nextjs-prerender",
              "value": "1"
            },
            {
              "key": "x-next-cache-tags",
              "value": "_N_T_/layout,_N_T_/features/layout,_N_T_/features/procurement/layout,_N_T_/features/procurement/vendor-management/layout,_N_T_/features/procurement/vendor-management/page,_N_T_/features/procurement/vendor-management"
            }
          ]
        },
        {
          "source": "/features/purchase-requests",
          "headers": [
            {
              "key": "x-nextjs-stale-time",
              "value": "300"
            },
            {
              "key": "x-nextjs-prerender",
              "value": "1"
            },
            {
              "key": "x-next-cache-tags",
              "value": "_N_T_/layout,_N_T_/features/layout,_N_T_/features/purchase-requests/layout,_N_T_/features/purchase-requests/page,_N_T_/features/purchase-requests"
            }
          ]
        },
        {
          "source": "/icon.svg",
          "headers": [
            {
              "key": "cache-control",
              "value": "public, max-age=0, must-revalidate"
            },
            {
              "key": "content-type",
              "value": "image/svg+xml"
            },
            {
              "key": "x-next-cache-tags",
              "value": "_N_T_/layout,_N_T_/icon.svg/layout,_N_T_/icon.svg/route,_N_T_/icon.svg"
            }
          ]
        },
        {
          "source": "/join",
          "headers": [
            {
              "key": "x-nextjs-stale-time",
              "value": "300"
            },
            {
              "key": "x-nextjs-prerender",
              "value": "1"
            },
            {
              "key": "x-next-cache-tags",
              "value": "_N_T_/layout,_N_T_/join/layout,_N_T_/join/page,_N_T_/join"
            }
          ]
        },
        {
          "source": "/login",
          "headers": [
            {
              "key": "x-nextjs-stale-time",
              "value": "300"
            },
            {
              "key": "x-nextjs-prerender",
              "value": "1"
            },
            {
              "key": "x-next-cache-tags",
              "value": "_N_T_/layout,_N_T_/login/layout,_N_T_/login/page,_N_T_/login"
            }
          ]
        },
        {
          "source": "/tour",
          "headers": [
            {
              "key": "x-nextjs-stale-time",
              "value": "300"
            },
            {
              "key": "x-nextjs-prerender",
              "value": "1"
            },
            {
              "key": "x-next-cache-tags",
              "value": "_N_T_/layout,_N_T_/tour/layout,_N_T_/tour/page,_N_T_/tour"
            }
          ]
        },
        {
          "source": "/signup",
          "headers": [
            {
              "key": "x-nextjs-stale-time",
              "value": "300"
            },
            {
              "key": "x-nextjs-prerender",
              "value": "1"
            },
            {
              "key": "x-next-cache-tags",
              "value": "_N_T_/layout,_N_T_/signup/layout,_N_T_/signup/page,_N_T_/signup"
            }
          ]
        },
        {
          "source": "/variant-b",
          "headers": [
            {
              "key": "x-nextjs-stale-time",
              "value": "300"
            },
            {
              "key": "x-nextjs-prerender",
              "value": "1"
            },
            {
              "key": "x-next-cache-tags",
              "value": "_N_T_/layout,_N_T_/variant-b/layout,_N_T_/variant-b/page,_N_T_/variant-b"
            }
          ]
        },
        {
          "source": "/**/*.[jt]s",
          "headers": [
            {
              "key": "Set-Cookie",
              "value": "__FIREBASE_DEFAULTS__=eyJjb25maWciOnsicHJvamVjdElkIjoic3BlbmQtbWFuYWdlbWVudC1wbGF0Zm9ybSIsImFwcElkIjoiMTozNTc2MTMzNjE2Mzk6d2ViOjRkNmM1MThiZTY5YTg5NjkxMjA1NDIiLCJkYXRhYmFzZVVSTCI6Imh0dHBzOi8vc3BlbmQtbWFuYWdlbWVudC1wbGF0Zm9ybS1kZWZhdWx0LXJ0ZGIuZmlyZWJhc2Vpby5jb20iLCJzdG9yYWdlQnVja2V0Ijoic3BlbmQtbWFuYWdlbWVudC1wbGF0Zm9ybS5maXJlYmFzZXN0b3JhZ2UuYXBwIiwiYXBpS2V5IjoiQUl6YVN5QlRqOWpGS1FsTHVKRDdVX1B1OEJLWENfaVZuaTdkelBZIiwiYXV0aERvbWFpbiI6InNwZW5kLW1hbmFnZW1lbnQtcGxhdGZvcm0uZmlyZWJhc2VhcHAuY29tIiwibWVzc2FnaW5nU2VuZGVySWQiOiIzNTc2MTMzNjE2MzkiLCJtZWFzdXJlbWVudElkIjoiRy0wVEJQQjE3MUo4IiwicHJvamVjdE51bWJlciI6IjM1NzYxMzM2MTYzOSIsInZlcnNpb24iOiIyIn0sIl9hdXRoVG9rZW5TeW5jVVJMIjoiL19fc2Vzc2lvbiJ9; SameSite=Strict; Expires=2028-03-15T14:12:10.923Z; Path=/;"
            }
          ]
        }
      ],
      "cleanUrls": true,
      "trailingSlash": false,
      "public": ".firebase\\spend-management-platform\\hosting",
      "webFramework": "next_ssr"
    }
  ],
  "functions": [
    {
      "source": ".firebase\\spend-management-platform\\functions",
      "codebase": "firebase-frameworks-spend-management-platform"
    }
  ]
}
[debug] [2026-04-21T03:32:10.925Z] > command requires scopes: ["email","openid","https://www.googleapis.com/auth/cloudplatformprojects.readonly","https://www.googleapis.com/auth/firebase","https://www.googleapis.com/auth/cloud-platform"]
[debug] [2026-04-21T03:32:10.925Z] > authorizing via signed-in user (mohammedsaani445@gmail.com)
[debug] [2026-04-21T03:32:10.926Z] [iam] checking project spend-management-platform for permissions ["cloudfunctions.functions.create","cloudfunctions.functions.delete","cloudfunctions.functions.get","cloudfunctions.functions.list","cloudfunctions.functions.update","cloudfunctions.operations.get","firebase.projects.get"]
[debug] [2026-04-21T03:32:10.926Z] Checked if tokens are valid: true, expires at: 1776743863740
[debug] [2026-04-21T03:32:10.926Z] Checked if tokens are valid: true, expires at: 1776743863740
[debug] [2026-04-21T03:32:10.926Z] >>> [apiv2][query] POST https://cloudresourcemanager.googleapis.com/v1/projects/spend-management-platform:testIamPermissions [none]
[debug] [2026-04-21T03:32:10.926Z] >>> [apiv2][(partial)header] POST https://cloudresourcemanager.googleapis.com/v1/projects/spend-management-platform:testIamPermissions  x-goog-user-project=spend-management-platform
[debug] [2026-04-21T03:32:10.926Z] >>> [apiv2][body] POST https://cloudresourcemanager.googleapis.com/v1/projects/spend-management-platform:testIamPermissions {"permissions":["cloudfunctions.functions.create","cloudfunctions.functions.delete","cloudfunctions.functions.get","cloudfunctions.functions.list","cloudfunctions.functions.update","cloudfunctions.operations.get","firebase.projects.get"]}
[debug] [2026-04-21T03:32:12.319Z] <<< [apiv2][status] POST https://cloudresourcemanager.googleapis.com/v1/projects/spend-management-platform:testIamPermissions 200
[debug] [2026-04-21T03:32:12.319Z] <<< [apiv2][body] POST https://cloudresourcemanager.googleapis.com/v1/projects/spend-management-platform:testIamPermissions {"permissions":["cloudfunctions.functions.create","cloudfunctions.functions.delete","cloudfunctions.functions.get","cloudfunctions.functions.list","cloudfunctions.functions.update","cloudfunctions.operations.get","firebase.projects.get"]}
[debug] [2026-04-21T03:32:12.321Z] Checked if tokens are valid: true, expires at: 1776743863740
[debug] [2026-04-21T03:32:12.321Z] Checked if tokens are valid: true, expires at: 1776743863740
[debug] [2026-04-21T03:32:12.321Z] >>> [apiv2][query] GET https://cloudfunctions.googleapis.com/v1/projects/spend-management-platform/locations/-/functions [none]
[debug] [2026-04-21T03:32:13.681Z] <<< [apiv2][status] GET https://cloudfunctions.googleapis.com/v1/projects/spend-management-platform/locations/-/functions 200
[debug] [2026-04-21T03:32:13.682Z] <<< [apiv2][body] GET https://cloudfunctions.googleapis.com/v1/projects/spend-management-platform/locations/-/functions {}
[debug] [2026-04-21T03:32:13.682Z] Checked if tokens are valid: true, expires at: 1776743863740
[debug] [2026-04-21T03:32:13.683Z] Checked if tokens are valid: true, expires at: 1776743863740
[debug] [2026-04-21T03:32:13.683Z] >>> [apiv2][query] GET https://cloudfunctions.googleapis.com/v2/projects/spend-management-platform/locations/-/functions filter=environment%3D%22GEN_2%22
[debug] [2026-04-21T03:32:14.837Z] <<< [apiv2][status] GET https://cloudfunctions.googleapis.com/v2/projects/spend-management-platform/locations/-/functions 200
[debug] [2026-04-21T03:32:14.837Z] <<< [apiv2][body] GET https://cloudfunctions.googleapis.com/v2/projects/spend-management-platform/locations/-/functions {}
[info] i  hosting: The following function(s) are pinned to site spend-management-platform and will be deployed as well: ssrspendmanagementplatf 
[info] 
[info] === Deploying to 'spend-management-platform'...
[info] 
[info] i  deploying functions, hosting 
[debug] [2026-04-21T03:32:14.851Z] Checked if tokens are valid: true, expires at: 1776743863740
[debug] [2026-04-21T03:32:14.851Z] Checked if tokens are valid: true, expires at: 1776743863740
[debug] [2026-04-21T03:32:14.851Z] >>> [apiv2][query] GET https://cloudresourcemanager.googleapis.com/v1/projects/spend-management-platform [none]
[debug] [2026-04-21T03:32:15.219Z] <<< [apiv2][status] GET https://cloudresourcemanager.googleapis.com/v1/projects/spend-management-platform 200
[debug] [2026-04-21T03:32:15.220Z] <<< [apiv2][body] GET https://cloudresourcemanager.googleapis.com/v1/projects/spend-management-platform {"projectNumber":"357613361639","projectId":"spend-management-platform","lifecycleState":"ACTIVE","name":"spend-management-platform","labels":{"firebase":"enabled","firebase-core":"disabled"},"createTime":"2026-02-04T13:56:47.129962Z"}
[info] i  functions: preparing codebase firebase-frameworks-spend-management-platform for deployment 
[info] i  functions: ensuring required API cloudfunctions.googleapis.com is enabled... 
[info] i  functions: ensuring required API cloudbuild.googleapis.com is enabled... 
[debug] [2026-04-21T03:32:15.224Z] Checked if tokens are valid: true, expires at: 1776743863740
[debug] [2026-04-21T03:32:15.224Z] Checked if tokens are valid: true, expires at: 1776743863740
[info] i  artifactregistry: ensuring required API artifactregistry.googleapis.com is enabled... 
[debug] [2026-04-21T03:32:15.225Z] Checked if tokens are valid: true, expires at: 1776743863740
[debug] [2026-04-21T03:32:15.225Z] Checked if tokens are valid: true, expires at: 1776743863740
[debug] [2026-04-21T03:32:15.225Z] >>> [apiv2][query] GET https://serviceusage.googleapis.com/v1/projects/spend-management-platform/services/cloudbuild.googleapis.com [none]
[debug] [2026-04-21T03:32:15.225Z] >>> [apiv2][(partial)header] GET https://serviceusage.googleapis.com/v1/projects/spend-management-platform/services/cloudbuild.googleapis.com  x-goog-user-project=spend-management-platform
[debug] [2026-04-21T03:32:15.227Z] >>> [apiv2][query] GET https://serviceusage.googleapis.com/v1/projects/spend-management-platform/services/artifactregistry.googleapis.com [none]
[debug] [2026-04-21T03:32:15.227Z] >>> [apiv2][(partial)header] GET https://serviceusage.googleapis.com/v1/projects/spend-management-platform/services/artifactregistry.googleapis.com  x-goog-user-project=spend-management-platform
[debug] [2026-04-21T03:32:17.163Z] <<< [apiv2][status] GET https://serviceusage.googleapis.com/v1/projects/spend-management-platform/services/cloudbuild.googleapis.com 200
[debug] [2026-04-21T03:32:17.163Z] <<< [apiv2][body] GET https://serviceusage.googleapis.com/v1/projects/spend-management-platform/services/cloudbuild.googleapis.com [omitted]
[warn] !  functions: missing required API cloudbuild.googleapis.com. Enabling now... 
[debug] [2026-04-21T03:32:17.164Z] Checked if tokens are valid: true, expires at: 1776743863740
[debug] [2026-04-21T03:32:17.164Z] Checked if tokens are valid: true, expires at: 1776743863740
[debug] [2026-04-21T03:32:17.164Z] >>> [apiv2][query] POST https://serviceusage.googleapis.com/v1/projects/spend-management-platform/services/cloudbuild.googleapis.com:enable [none]
[debug] [2026-04-21T03:32:17.164Z] >>> [apiv2][(partial)header] POST https://serviceusage.googleapis.com/v1/projects/spend-management-platform/services/cloudbuild.googleapis.com:enable  x-goog-user-project=spend-management-platform
[debug] [2026-04-21T03:32:17.209Z] <<< [apiv2][status] GET https://serviceusage.googleapis.com/v1/projects/spend-management-platform/services/artifactregistry.googleapis.com 200
[debug] [2026-04-21T03:32:17.209Z] <<< [apiv2][body] GET https://serviceusage.googleapis.com/v1/projects/spend-management-platform/services/artifactregistry.googleapis.com [omitted]
[warn] !  artifactregistry: missing required API artifactregistry.googleapis.com. Enabling now... 
[debug] [2026-04-21T03:32:17.209Z] Checked if tokens are valid: true, expires at: 1776743863740
[debug] [2026-04-21T03:32:17.209Z] Checked if tokens are valid: true, expires at: 1776743863740
[debug] [2026-04-21T03:32:17.209Z] >>> [apiv2][query] POST https://serviceusage.googleapis.com/v1/projects/spend-management-platform/services/artifactregistry.googleapis.com:enable [none]
[debug] [2026-04-21T03:32:17.209Z] >>> [apiv2][(partial)header] POST https://serviceusage.googleapis.com/v1/projects/spend-management-platform/services/artifactregistry.googleapis.com:enable  x-goog-user-project=spend-management-platform
[debug] [2026-04-21T03:32:18.859Z] <<< [apiv2][status] POST https://serviceusage.googleapis.com/v1/projects/spend-management-platform/services/artifactregistry.googleapis.com:enable 200
[debug] [2026-04-21T03:32:18.859Z] <<< [apiv2][body] POST https://serviceusage.googleapis.com/v1/projects/spend-management-platform/services/artifactregistry.googleapis.com:enable [omitted]
[debug] [2026-04-21T03:32:18.915Z] <<< [apiv2][status] POST https://serviceusage.googleapis.com/v1/projects/spend-management-platform/services/cloudbuild.googleapis.com:enable 200
[debug] [2026-04-21T03:32:18.915Z] <<< [apiv2][body] POST https://serviceusage.googleapis.com/v1/projects/spend-management-platform/services/cloudbuild.googleapis.com:enable [omitted]
[debug] [2026-04-21T03:32:28.939Z] Checked if tokens are valid: true, expires at: 1776743863740
[debug] [2026-04-21T03:32:28.940Z] Checked if tokens are valid: true, expires at: 1776743863740
[debug] [2026-04-21T03:32:28.940Z] >>> [apiv2][query] GET https://firebase.googleapis.com/v1beta1/projects/spend-management-platform/adminSdkConfig [none]
[debug] [2026-04-21T03:32:29.967Z] <<< [apiv2][status] GET https://firebase.googleapis.com/v1beta1/projects/spend-management-platform/adminSdkConfig 200
[debug] [2026-04-21T03:32:29.967Z] <<< [apiv2][body] GET https://firebase.googleapis.com/v1beta1/projects/spend-management-platform/adminSdkConfig {"projectId":"spend-management-platform","databaseURL":"https://spend-management-platform-default-rtdb.firebaseio.com","storageBucket":"spend-management-platform.firebasestorage.app"}
[debug] [2026-04-21T03:32:29.968Z] Checked if tokens are valid: true, expires at: 1776743863740
[debug] [2026-04-21T03:32:29.969Z] Checked if tokens are valid: true, expires at: 1776743863740
[debug] [2026-04-21T03:32:29.969Z] >>> [apiv2][query] GET https://runtimeconfig.googleapis.com/v1beta1/projects/spend-management-platform/configs [none]
[debug] [2026-04-21T03:32:30.886Z] <<< [apiv2][status] GET https://runtimeconfig.googleapis.com/v1beta1/projects/spend-management-platform/configs 200
[debug] [2026-04-21T03:32:30.886Z] <<< [apiv2][body] GET https://runtimeconfig.googleapis.com/v1beta1/projects/spend-management-platform/configs {}
[debug] [2026-04-21T03:32:30.892Z] Validating nodejs source
[warn] !  functions: package.json indicates an outdated version of firebase-functions. Please upgrade using npm install --save firebase-functions@latest in your functions directory. 
[warn] !  functions: Please note that there will be breaking changes when you upgrade. 
[debug] [2026-04-21T03:32:32.705Z] > [functions] package.json contents: {
  "name": "spend-management-platform",
  "version": "0.1.1",
  "private": true,
  "dependencies": {
    "@google/generative-ai": "^0.24.1",
    "@types/crypto-js": "^4.2.2",
    "@types/qrcode": "^1.5.6",
    "crypto-js": "^4.2.0",
    "date-fns": "^4.1.0",
    "firebase": "^12.8.0",
    "firebase-admin": "^13.7.0",
    "html5-qrcode": "^2.3.8",
    "next": "16.1.6",
    "otpauth": "^9.5.0",
    "qrcode": "^1.5.4",
    "react": "19.2.3",
    "react-dom": "19.2.3",
    "react-markdown": "^10.1.0",
    "remark-gfm": "^4.0.1",
    "resend": "^6.9.3",
    "server-only": "^0.0.1",
    "sonner": "^2.0.7",
    "firebase-frameworks": "^0.11.0",
    "firebase-functions": "^6.0.1"
  },
  "main": "server.js",
  "engines": {
    "node": "24"
  }
}
[debug] [2026-04-21T03:32:32.706Z] Building nodejs source
[info] i  functions: Loading and analyzing source code for codebase firebase-frameworks-spend-management-platform to determine what to deploy 
[debug] [2026-04-21T03:32:32.718Z] Could not find functions.yaml. Must use http discovery
[debug] [2026-04-21T03:32:32.741Z] Found firebase-functions binary at 'C:\Users\moham\OneDrive\Desktop\spend-management-platform\.firebase\spend-management-platform\functions\node_modules\.bin\firebase-functions'
[info] Serving at port 8117

[debug] [2026-04-21T03:32:34.198Z] Got response from /__/functions.yaml {"endpoints":{"ssrspendmanagementplatf":{"availableMemoryMb":null,"timeoutSeconds":null,"minInstances":null,"maxInstances":null,"ingressSettings":null,"concurrency":null,"serviceAccountEmail":null,"vpc":null,"platform":"gcfv2","region":["us-central1"],"labels":{},"httpsTrigger":{},"entryPoint":"ssrspendmanagementplatf"}},"specVersion":"v1alpha1","requiredAPIs":[],"extensions":{}}
[info] i  extensions: ensuring required API firebaseextensions.googleapis.com is enabled... 
[debug] [2026-04-21T03:32:38.255Z] Checked if tokens are valid: true, expires at: 1776743863740
[debug] [2026-04-21T03:32:38.255Z] Checked if tokens are valid: true, expires at: 1776743863740
[debug] [2026-04-21T03:32:38.255Z] >>> [apiv2][query] GET https://serviceusage.googleapis.com/v1/projects/spend-management-platform/services/firebaseextensions.googleapis.com [none]
[debug] [2026-04-21T03:32:38.255Z] >>> [apiv2][(partial)header] GET https://serviceusage.googleapis.com/v1/projects/spend-management-platform/services/firebaseextensions.googleapis.com  x-goog-user-project=spend-management-platform
[debug] [2026-04-21T03:32:39.780Z] <<< [apiv2][status] GET https://serviceusage.googleapis.com/v1/projects/spend-management-platform/services/firebaseextensions.googleapis.com 200
[debug] [2026-04-21T03:32:39.781Z] <<< [apiv2][body] GET https://serviceusage.googleapis.com/v1/projects/spend-management-platform/services/firebaseextensions.googleapis.com [omitted]
[warn] !  extensions: missing required API firebaseextensions.googleapis.com. Enabling now... 
[debug] [2026-04-21T03:32:39.781Z] Checked if tokens are valid: true, expires at: 1776743863740
[debug] [2026-04-21T03:32:39.781Z] Checked if tokens are valid: true, expires at: 1776743863740
[debug] [2026-04-21T03:32:39.781Z] >>> [apiv2][query] POST https://serviceusage.googleapis.com/v1/projects/spend-management-platform/services/firebaseextensions.googleapis.com:enable [none]
[debug] [2026-04-21T03:32:39.781Z] >>> [apiv2][(partial)header] POST https://serviceusage.googleapis.com/v1/projects/spend-management-platform/services/firebaseextensions.googleapis.com:enable  x-goog-user-project=spend-management-platform
[debug] [2026-04-21T03:32:41.353Z] <<< [apiv2][status] POST https://serviceusage.googleapis.com/v1/projects/spend-management-platform/services/firebaseextensions.googleapis.com:enable 200
[debug] [2026-04-21T03:32:41.354Z] <<< [apiv2][body] POST https://serviceusage.googleapis.com/v1/projects/spend-management-platform/services/firebaseextensions.googleapis.com:enable [omitted]
[debug] [2026-04-21T03:32:51.371Z] > command requires scopes: ["email","openid","https://www.googleapis.com/auth/cloudplatformprojects.readonly","https://www.googleapis.com/auth/firebase","https://www.googleapis.com/auth/cloud-platform"]
[debug] [2026-04-21T03:32:51.371Z] > authorizing via signed-in user (mohammedsaani445@gmail.com)
[debug] [2026-04-21T03:32:51.372Z] [iam] checking project spend-management-platform for permissions ["firebase.projects.get","firebaseextensions.instances.list"]
[debug] [2026-04-21T03:32:51.372Z] Checked if tokens are valid: true, expires at: 1776743863740
[debug] [2026-04-21T03:32:51.372Z] Checked if tokens are valid: true, expires at: 1776743863740
[debug] [2026-04-21T03:32:51.372Z] >>> [apiv2][query] POST https://cloudresourcemanager.googleapis.com/v1/projects/spend-management-platform:testIamPermissions [none]
[debug] [2026-04-21T03:32:51.373Z] >>> [apiv2][(partial)header] POST https://cloudresourcemanager.googleapis.com/v1/projects/spend-management-platform:testIamPermissions  x-goog-user-project=spend-management-platform
[debug] [2026-04-21T03:32:51.373Z] >>> [apiv2][body] POST https://cloudresourcemanager.googleapis.com/v1/projects/spend-management-platform:testIamPermissions {"permissions":["firebase.projects.get","firebaseextensions.instances.list"]}
[debug] [2026-04-21T03:32:52.754Z] <<< [apiv2][status] POST https://cloudresourcemanager.googleapis.com/v1/projects/spend-management-platform:testIamPermissions 200
[debug] [2026-04-21T03:32:52.754Z] <<< [apiv2][body] POST https://cloudresourcemanager.googleapis.com/v1/projects/spend-management-platform:testIamPermissions {"permissions":["firebase.projects.get","firebaseextensions.instances.list"]}
[debug] [2026-04-21T03:32:52.755Z] Checked if tokens are valid: true, expires at: 1776743863740
[debug] [2026-04-21T03:32:52.755Z] Checked if tokens are valid: true, expires at: 1776743863740
[debug] [2026-04-21T03:32:52.756Z] >>> [apiv2][query] GET https://firebaseextensions.googleapis.com/v1beta/projects/spend-management-platform/instances pageSize=100&pageToken=
[debug] [2026-04-21T03:33:04.838Z] <<< [apiv2][status] GET https://firebaseextensions.googleapis.com/v1beta/projects/spend-management-platform/instances 200
[debug] [2026-04-21T03:33:04.839Z] <<< [apiv2][body] GET https://firebaseextensions.googleapis.com/v1beta/projects/spend-management-platform/instances {}
[info] i  functions: Loaded environment variables from .env. 
[info] i  functions: preparing .firebase\spend-management-platform\functions directory for uploading... 
[info] i  functions: packaged C:\Users\moham\OneDrive\Desktop\spend-management-platform\.firebase\spend-management-platform\functions (655.38 MB) for uploading 
[info] i  functions: ensuring required API run.googleapis.com is enabled... 
[debug] [2026-04-21T03:33:52.704Z] Checked if tokens are valid: true, expires at: 1776743863740
[debug] [2026-04-21T03:33:52.704Z] Checked if tokens are valid: true, expires at: 1776743863740
[info] i  functions: ensuring required API eventarc.googleapis.com is enabled... 
[debug] [2026-04-21T03:33:52.704Z] Checked if tokens are valid: true, expires at: 1776743863740
[debug] [2026-04-21T03:33:52.705Z] Checked if tokens are valid: true, expires at: 1776743863740
[info] i  functions: ensuring required API pubsub.googleapis.com is enabled... 
[debug] [2026-04-21T03:33:52.705Z] Checked if tokens are valid: true, expires at: 1776743863740
[debug] [2026-04-21T03:33:52.705Z] Checked if tokens are valid: true, expires at: 1776743863740
[info] i  functions: ensuring required API storage.googleapis.com is enabled... 
[debug] [2026-04-21T03:33:52.705Z] Checked if tokens are valid: true, expires at: 1776743863740
[debug] [2026-04-21T03:33:52.705Z] Checked if tokens are valid: true, expires at: 1776743863740
[debug] [2026-04-21T03:33:52.705Z] >>> [apiv2][query] GET https://serviceusage.googleapis.com/v1/projects/357613361639/services/run.googleapis.com [none]
[debug] [2026-04-21T03:33:52.706Z] >>> [apiv2][(partial)header] GET https://serviceusage.googleapis.com/v1/projects/357613361639/services/run.googleapis.com  x-goog-user-project=357613361639
[debug] [2026-04-21T03:33:52.709Z] >>> [apiv2][query] GET https://serviceusage.googleapis.com/v1/projects/357613361639/services/eventarc.googleapis.com [none]
[debug] [2026-04-21T03:33:52.709Z] >>> [apiv2][(partial)header] GET https://serviceusage.googleapis.com/v1/projects/357613361639/services/eventarc.googleapis.com  x-goog-user-project=357613361639
[debug] [2026-04-21T03:33:52.711Z] >>> [apiv2][query] GET https://serviceusage.googleapis.com/v1/projects/357613361639/services/pubsub.googleapis.com [none]
[debug] [2026-04-21T03:33:52.711Z] >>> [apiv2][(partial)header] GET https://serviceusage.googleapis.com/v1/projects/357613361639/services/pubsub.googleapis.com  x-goog-user-project=357613361639
[debug] [2026-04-21T03:33:52.712Z] >>> [apiv2][query] GET https://serviceusage.googleapis.com/v1/projects/357613361639/services/storage.googleapis.com [none]
[debug] [2026-04-21T03:33:52.712Z] >>> [apiv2][(partial)header] GET https://serviceusage.googleapis.com/v1/projects/357613361639/services/storage.googleapis.com  x-goog-user-project=357613361639
[debug] [2026-04-21T03:33:54.204Z] <<< [apiv2][status] GET https://serviceusage.googleapis.com/v1/projects/357613361639/services/run.googleapis.com 200
[debug] [2026-04-21T03:33:54.205Z] <<< [apiv2][body] GET https://serviceusage.googleapis.com/v1/projects/357613361639/services/run.googleapis.com [omitted]
[warn] !  functions: missing required API run.googleapis.com. Enabling now... 
[debug] [2026-04-21T03:33:54.210Z] Checked if tokens are valid: true, expires at: 1776743863740
[debug] [2026-04-21T03:33:54.210Z] Checked if tokens are valid: true, expires at: 1776743863740
[debug] [2026-04-21T03:33:54.210Z] >>> [apiv2][query] POST https://serviceusage.googleapis.com/v1/projects/357613361639/services/run.googleapis.com:enable [none]
[debug] [2026-04-21T03:33:54.211Z] >>> [apiv2][(partial)header] POST https://serviceusage.googleapis.com/v1/projects/357613361639/services/run.googleapis.com:enable  x-goog-user-project=357613361639
[debug] [2026-04-21T03:33:54.227Z] <<< [apiv2][status] GET https://serviceusage.googleapis.com/v1/projects/357613361639/services/pubsub.googleapis.com 200
[debug] [2026-04-21T03:33:54.228Z] <<< [apiv2][body] GET https://serviceusage.googleapis.com/v1/projects/357613361639/services/pubsub.googleapis.com [omitted]
[info] +  functions: required API pubsub.googleapis.com is enabled 
[debug] [2026-04-21T03:33:54.246Z] <<< [apiv2][status] GET https://serviceusage.googleapis.com/v1/projects/357613361639/services/storage.googleapis.com 200
[debug] [2026-04-21T03:33:54.246Z] <<< [apiv2][body] GET https://serviceusage.googleapis.com/v1/projects/357613361639/services/storage.googleapis.com [omitted]
[info] +  functions: required API storage.googleapis.com is enabled 
[debug] [2026-04-21T03:33:54.488Z] <<< [apiv2][status] GET https://serviceusage.googleapis.com/v1/projects/357613361639/services/eventarc.googleapis.com 200
[debug] [2026-04-21T03:33:54.488Z] <<< [apiv2][body] GET https://serviceusage.googleapis.com/v1/projects/357613361639/services/eventarc.googleapis.com [omitted]
[warn] !  functions: missing required API eventarc.googleapis.com. Enabling now... 
[debug] [2026-04-21T03:33:54.489Z] Checked if tokens are valid: true, expires at: 1776743863740
[debug] [2026-04-21T03:33:54.489Z] Checked if tokens are valid: true, expires at: 1776743863740
[debug] [2026-04-21T03:33:54.489Z] >>> [apiv2][query] POST https://serviceusage.googleapis.com/v1/projects/357613361639/services/eventarc.googleapis.com:enable [none]
[debug] [2026-04-21T03:33:54.489Z] >>> [apiv2][(partial)header] POST https://serviceusage.googleapis.com/v1/projects/357613361639/services/eventarc.googleapis.com:enable  x-goog-user-project=357613361639
[debug] [2026-04-21T03:33:55.008Z] <<< [apiv2][status] POST https://serviceusage.googleapis.com/v1/projects/357613361639/services/run.googleapis.com:enable 200
[debug] [2026-04-21T03:33:55.009Z] <<< [apiv2][body] POST https://serviceusage.googleapis.com/v1/projects/357613361639/services/run.googleapis.com:enable [omitted]
[debug] [2026-04-21T03:33:55.236Z] <<< [apiv2][status] POST https://serviceusage.googleapis.com/v1/projects/357613361639/services/eventarc.googleapis.com:enable 200
[debug] [2026-04-21T03:33:55.236Z] <<< [apiv2][body] POST https://serviceusage.googleapis.com/v1/projects/357613361639/services/eventarc.googleapis.com:enable [omitted]
[info] i  functions: generating the service identity for pubsub.googleapis.com... 
[debug] [2026-04-21T03:34:05.256Z] Checked if tokens are valid: true, expires at: 1776743863740
[debug] [2026-04-21T03:34:05.256Z] Checked if tokens are valid: true, expires at: 1776743863740
[info] i  functions: generating the service identity for eventarc.googleapis.com... 
[debug] [2026-04-21T03:34:05.257Z] Checked if tokens are valid: true, expires at: 1776743863740
[debug] [2026-04-21T03:34:05.257Z] Checked if tokens are valid: true, expires at: 1776743863740
[debug] [2026-04-21T03:34:05.257Z] >>> [apiv2][query] POST https://serviceusage.googleapis.com/v1beta1/projects/357613361639/services/pubsub.googleapis.com:generateServiceIdentity [none]
[debug] [2026-04-21T03:34:05.257Z] >>> [apiv2][(partial)header] POST https://serviceusage.googleapis.com/v1beta1/projects/357613361639/services/pubsub.googleapis.com:generateServiceIdentity  x-goog-user-project=357613361639
[debug] [2026-04-21T03:34:05.257Z] >>> [apiv2][body] POST https://serviceusage.googleapis.com/v1beta1/projects/357613361639/services/pubsub.googleapis.com:generateServiceIdentity {}
[debug] [2026-04-21T03:34:05.264Z] >>> [apiv2][query] POST https://serviceusage.googleapis.com/v1beta1/projects/357613361639/services/eventarc.googleapis.com:generateServiceIdentity [none]
[debug] [2026-04-21T03:34:05.264Z] >>> [apiv2][(partial)header] POST https://serviceusage.googleapis.com/v1beta1/projects/357613361639/services/eventarc.googleapis.com:generateServiceIdentity  x-goog-user-project=357613361639
[debug] [2026-04-21T03:34:05.264Z] >>> [apiv2][body] POST https://serviceusage.googleapis.com/v1beta1/projects/357613361639/services/eventarc.googleapis.com:generateServiceIdentity {}
[debug] [2026-04-21T03:34:07.360Z] <<< [apiv2][status] POST https://serviceusage.googleapis.com/v1beta1/projects/357613361639/services/eventarc.googleapis.com:generateServiceIdentity 200
[debug] [2026-04-21T03:34:07.360Z] <<< [apiv2][body] POST https://serviceusage.googleapis.com/v1beta1/projects/357613361639/services/eventarc.googleapis.com:generateServiceIdentity {"name":"operations/finished.DONE_OPERATION","done":true,"response":{"@type":"type.googleapis.com/google.api.serviceusage.v1beta1.ServiceIdentity","email":"service-357613361639@gcp-sa-eventarc.iam.gserviceaccount.com","uniqueId":"115159592748716105981"}}
[debug] [2026-04-21T03:34:08.401Z] <<< [apiv2][status] POST https://serviceusage.googleapis.com/v1beta1/projects/357613361639/services/pubsub.googleapis.com:generateServiceIdentity 200
[debug] [2026-04-21T03:34:08.401Z] <<< [apiv2][body] POST https://serviceusage.googleapis.com/v1beta1/projects/357613361639/services/pubsub.googleapis.com:generateServiceIdentity {"name":"operations/finished.DONE_OPERATION","done":true,"response":{"@type":"type.googleapis.com/google.api.serviceusage.v1beta1.ServiceIdentity","email":"service-357613361639@gcp-sa-pubsub.iam.gserviceaccount.com","uniqueId":"113746903143542966613"}}
[debug] [2026-04-21T03:34:08.413Z] Checked if tokens are valid: true, expires at: 1776743863740
[debug] [2026-04-21T03:34:08.413Z] Checked if tokens are valid: true, expires at: 1776743863740
[debug] [2026-04-21T03:34:08.413Z] >>> [apiv2][query] GET https://cloudresourcemanager.googleapis.com/v1/projects/spend-management-platform [none]
[debug] [2026-04-21T03:34:09.793Z] <<< [apiv2][status] GET https://cloudresourcemanager.googleapis.com/v1/projects/spend-management-platform 200
[debug] [2026-04-21T03:34:09.793Z] <<< [apiv2][body] GET https://cloudresourcemanager.googleapis.com/v1/projects/spend-management-platform {"projectNumber":"357613361639","projectId":"spend-management-platform","lifecycleState":"ACTIVE","name":"spend-management-platform","labels":{"firebase":"enabled","firebase-core":"disabled"},"createTime":"2026-02-04T13:56:47.129962Z"}
[debug] [2026-04-21T03:34:09.794Z] Checked if tokens are valid: true, expires at: 1776743863740
[debug] [2026-04-21T03:34:09.794Z] Checked if tokens are valid: true, expires at: 1776743863740
[debug] [2026-04-21T03:34:09.794Z] >>> [apiv2][query] GET https://compute.googleapis.com/compute/v1/projects/357613361639 [none]
[debug] [2026-04-21T03:34:10.606Z] <<< [apiv2][status] GET https://compute.googleapis.com/compute/v1/projects/357613361639 403
[debug] [2026-04-21T03:34:10.606Z] <<< [apiv2][body] GET https://compute.googleapis.com/compute/v1/projects/357613361639 {"error":{"code":403,"message":"Compute Engine API has not been used in project 357613361639 before or it is disabled. Enable it by visiting https://console.developers.google.com/apis/api/compute.googleapis.com/overview?project=357613361639 then retry. If you enabled this API recently, wait a few minutes for the action to propagate to our systems and retry.","errors":[{"message":"Compute Engine API has not been used in project 357613361639 before or it is disabled. Enable it by visiting https://console.developers.google.com/apis/api/compute.googleapis.com/overview?project=357613361639 then retry. If you enabled this API recently, wait a few minutes for the action to propagate to our systems and retry.","domain":"usageLimits","reason":"accessNotConfigured","extendedHelp":"https://console.developers.google.com"}],"status":"PERMISSION_DENIED","details":[{"@type":"type.googleapis.com/google.rpc.ErrorInfo","reason":"SERVICE_DISABLED","domain":"googleapis.com","metadata":{"service":"compute.googleapis.com","serviceTitle":"Compute Engine API","consumer":"projects/357613361639","activationUrl":"https://console.developers.google.com/apis/api/compute.googleapis.com/overview?project=357613361639","containerInfo":"357613361639"}},{"@type":"type.googleapis.com/google.rpc.LocalizedMessage","locale":"en-US","message":"Compute Engine API has not been used in project 357613361639 before or it is disabled. Enable it by visiting https://console.developers.google.com/apis/api/compute.googleapis.com/overview?project=357613361639 then retry. If you enabled this API recently, wait a few minutes for the action to propagate to our systems and retry."},{"@type":"type.googleapis.com/google.rpc.Help","links":[{"description":"Google developers console API activation","url":"https://console.developers.google.com/apis/api/compute.googleapis.com/overview?project=357613361639"}]}]}}
[debug] [2026-04-21T03:34:10.616Z] unable to look up default compute service account. Falling back to 357613361639-compute@developer.gserviceaccount.com. Error: {"name":"FirebaseError","children":[],"context":{"body":{"error":{"code":403,"message":"Compute Engine API has not been used in project 357613361639 before or it is disabled. Enable it by visiting https://console.developers.google.com/apis/api/compute.googleapis.com/overview?project=357613361639 then retry. If you enabled this API recently, wait a few minutes for the action to propagate to our systems and retry.","errors":[{"message":"Compute Engine API has not been used in project 357613361639 before or it is disabled. Enable it by visiting https://console.developers.google.com/apis/api/compute.googleapis.com/overview?project=357613361639 then retry. If you enabled this API recently, wait a few minutes for the action to propagate to our systems and retry.","domain":"usageLimits","reason":"accessNotConfigured","extendedHelp":"https://console.developers.google.com"}],"status":"PERMISSION_DENIED","details":[{"@type":"type.googleapis.com/google.rpc.ErrorInfo","reason":"SERVICE_DISABLED","domain":"googleapis.com","metadata":{"service":"compute.googleapis.com","serviceTitle":"Compute Engine API","consumer":"projects/357613361639","activationUrl":"https://console.developers.google.com/apis/api/compute.googleapis.com/overview?project=357613361639","containerInfo":"357613361639"}},{"@type":"type.googleapis.com/google.rpc.LocalizedMessage","locale":"en-US","message":"Compute Engine API has not been used in project 357613361639 before or it is disabled. Enable it by visiting https://console.developers.google.com/apis/api/compute.googleapis.com/overview?project=357613361639 then retry. If you enabled this API recently, wait a few minutes for the action to propagate to our systems and retry."},{"@type":"type.googleapis.com/google.rpc.Help","links":[{"description":"Google developers console API activation","url":"https://console.developers.google.com/apis/api/compute.googleapis.com/overview?project=357613361639"}]}]}},"response":{"statusCode":403}},"exit":1,"message":"Request to https://compute.googleapis.com/compute/v1/projects/357613361639 had HTTP Error: 403, Compute Engine API has not been used in project 357613361639 before or it is disabled. Enable it by visiting https://console.developers.google.com/apis/api/compute.googleapis.com/overview?project=357613361639 then retry. If you enabled this API recently, wait a few minutes for the action to propagate to our systems and retry.","status":403}
[debug] [2026-04-21T03:34:10.622Z] Checked if tokens are valid: true, expires at: 1776743863740
[debug] [2026-04-21T03:34:10.622Z] Checked if tokens are valid: true, expires at: 1776743863740
[debug] [2026-04-21T03:34:10.623Z] >>> [apiv2][query] POST https://firebasehosting.googleapis.com/v1beta1/projects/-/sites/spend-management-platform/versions [none]
[debug] [2026-04-21T03:34:10.623Z] >>> [apiv2][body] POST https://firebasehosting.googleapis.com/v1beta1/projects/-/sites/spend-management-platform/versions {"status":"CREATED","labels":{"deployment-tool":"cli-firebase","firebase-web-framework":"next_ssr"}}
[debug] [2026-04-21T03:34:15.128Z] <<< [apiv2][status] POST https://firebasehosting.googleapis.com/v1beta1/projects/-/sites/spend-management-platform/versions 200
[debug] [2026-04-21T03:34:15.128Z] <<< [apiv2][body] POST https://firebasehosting.googleapis.com/v1beta1/projects/-/sites/spend-management-platform/versions {"name":"projects/357613361639/sites/spend-management-platform/versions/b6011b9ffe7996eb","status":"CREATED","config":{},"labels":{"deployment-tool":"cli-firebase","firebase-web-framework":"next_ssr"}}
[debug] [2026-04-21T03:34:15.130Z] Checked if tokens are valid: true, expires at: 1776743863740
[debug] [2026-04-21T03:34:15.130Z] Checked if tokens are valid: true, expires at: 1776743863740
[debug] [2026-04-21T03:34:15.130Z] >>> [apiv2][query] GET https://cloudbilling.googleapis.com/v1/projects/spend-management-platform/billingInfo [none]
[debug] [2026-04-21T03:34:16.417Z] <<< [apiv2][status] GET https://cloudbilling.googleapis.com/v1/projects/spend-management-platform/billingInfo 200
[debug] [2026-04-21T03:34:16.417Z] <<< [apiv2][body] GET https://cloudbilling.googleapis.com/v1/projects/spend-management-platform/billingInfo {"name":"projects/spend-management-platform/billingInfo","projectId":"spend-management-platform","billingAccountName":"billingAccounts/016FFF-6FBECD-7F7629","billingEnabled":true}
[debug] [2026-04-21T03:34:16.424Z] [functions] found 1 new HTTP functions, testing setIamPolicy permission...
[debug] [2026-04-21T03:34:16.424Z] Checked if tokens are valid: true, expires at: 1776743863740
[debug] [2026-04-21T03:34:16.424Z] Checked if tokens are valid: true, expires at: 1776743863740
[debug] [2026-04-21T03:34:16.424Z] >>> [apiv2][query] POST https://cloudresourcemanager.googleapis.com/v1/projects/spend-management-platform:testIamPermissions [none]
[debug] [2026-04-21T03:34:16.425Z] >>> [apiv2][(partial)header] POST https://cloudresourcemanager.googleapis.com/v1/projects/spend-management-platform:testIamPermissions  x-goog-user-project=spend-management-platform
[debug] [2026-04-21T03:34:16.425Z] >>> [apiv2][body] POST https://cloudresourcemanager.googleapis.com/v1/projects/spend-management-platform:testIamPermissions {"permissions":["cloudfunctions.functions.setIamPolicy"]}
[debug] [2026-04-21T03:34:17.756Z] <<< [apiv2][status] POST https://cloudresourcemanager.googleapis.com/v1/projects/spend-management-platform:testIamPermissions 200
[debug] [2026-04-21T03:34:17.757Z] <<< [apiv2][body] POST https://cloudresourcemanager.googleapis.com/v1/projects/spend-management-platform:testIamPermissions {"permissions":["cloudfunctions.functions.setIamPolicy"]}
[debug] [2026-04-21T03:34:17.757Z] [functions] found setIamPolicy permission, proceeding with deploy
[debug] [2026-04-21T03:34:17.759Z] Checked if tokens are valid: true, expires at: 1776743863740
[debug] [2026-04-21T03:34:17.759Z] Checked if tokens are valid: true, expires at: 1776743863740
[debug] [2026-04-21T03:34:17.759Z] >>> [apiv2][query] POST https://cloudfunctions.googleapis.com/v2/projects/spend-management-platform/locations/us-central1/functions:generateUploadUrl [none]
[debug] [2026-04-21T03:34:20.628Z] <<< [apiv2][status] POST https://cloudfunctions.googleapis.com/v2/projects/spend-management-platform/locations/us-central1/functions:generateUploadUrl 200
[debug] [2026-04-21T03:34:20.628Z] <<< [apiv2][body] POST https://cloudfunctions.googleapis.com/v2/projects/spend-management-platform/locations/us-central1/functions:generateUploadUrl {"uploadUrl":"https://storage.googleapis.com/gcf-v2-uploads-357613361639.us-central1.cloudfunctions.appspot.com/1083f1ff-c2f9-4f58-ac8f-97193f39cd29.zip?GoogleAccessId=service-357613361639@gcf-admin-robot.iam.gserviceaccount.com&Expires=1776744261&Signature=CX2CbdfZtp%2BTdu51%2FnO25X6Xs8C6Sq5Z8h%2FpqFGy9D6BHo%2F31dDszusckTmqw7QzxSTyLLjl6LfCncuS8eqInGdmutConydZ6VqVRm%2B4u%2BdJ9uFqkRqT%2BGMZVXJJcyjG%2BBoB4bg2xP0%2BZw4rxFxid6RcoxbGpEKej5ll%2Bk%2BiZKeUUrcWg5BWqH27eJs4fjP9YNe8dNnT%2FNavhl1qW2wPuZ0Nsg1Jt70asunUSjG4QjDwGbQxmtDod%2FeawvZ7TqaFuo55iDyxX6L5JNiOnzRWI45VuxNJrTFLyqMX92ups%2FgT%2BNWyNor%2FBga7VDM9IfHf19OJZkqQClusnYfP%2BLT19A%3D%3D","storageSource":{"bucket":"gcf-v2-uploads-357613361639.us-central1.cloudfunctions.appspot.com","object":"1083f1ff-c2f9-4f58-ac8f-97193f39cd29.zip"}}
[debug] [2026-04-21T03:34:20.632Z] >>> [apiv2][query] PUT https://storage.googleapis.com/gcf-v2-uploads-357613361639.us-central1.cloudfunctions.appspot.com/1083f1ff-c2f9-4f58-ac8f-97193f39cd29.zip GoogleAccessId=service-357613361639%40gcf-admin-robot.iam.gserviceaccount.com&Expires=1776744261&Signature=CX2CbdfZtp%2BTdu51%2FnO25X6Xs8C6Sq5Z8h%2FpqFGy9D6BHo%2F31dDszusckTmqw7QzxSTyLLjl6LfCncuS8eqInGdmutConydZ6VqVRm%2B4u%2BdJ9uFqkRqT%2BGMZVXJJcyjG%2BBoB4bg2xP0%2BZw4rxFxid6RcoxbGpEKej5ll%2Bk%2BiZKeUUrcWg5BWqH27eJs4fjP9YNe8dNnT%2FNavhl1qW2wPuZ0Nsg1Jt70asunUSjG4QjDwGbQxmtDod%2FeawvZ7TqaFuo55iDyxX6L5JNiOnzRWI45VuxNJrTFLyqMX92ups%2FgT%2BNWyNor%2FBga7VDM9IfHf19OJZkqQClusnYfP%2BLT19A%3D%3D
[debug] [2026-04-21T03:34:20.632Z] >>> [apiv2][body] PUT https://storage.googleapis.com/gcf-v2-uploads-357613361639.us-central1.cloudfunctions.appspot.com/1083f1ff-c2f9-4f58-ac8f-97193f39cd29.zip [stream]
